make[1]: 警告: 副次 make で -jN を強制指定しました: jobserver モードを無効にします.
make[1]: ディレクトリ '/home/guicho/repos/presentations/2017-6-18-dc' に入ります
make -C img
make -C css
make[2]: ディレクトリ '/home/guicho/repos/presentations/2017-6-18-dc/css' に入ります
sass --update .
make[2]: ディレクトリ '/home/guicho/repos/presentations/2017-6-18-dc/img' に入ります
make[2]: 'all' に対して行うべき事はありません.
make[2]: ディレクトリ '/home/guicho/repos/presentations/2017-6-18-dc/img' から出ます
make -C scripts
make[2]: ディレクトリ '/home/guicho/repos/presentations/2017-6-18-dc/scripts' に入ります
make[2]: 'all' に対して行うべき事はありません.
make[2]: ディレクトリ '/home/guicho/repos/presentations/2017-6-18-dc/scripts' から出ます
scripts/org-html.sh presen.org presen.org.html
Loading /home/guicho/repos/presentations/2017-6-18-dc/scripts/compile-org-html.el (source)...
make[2]: ディレクトリ '/home/guicho/repos/presentations/2017-6-18-dc/css' から出ます
Org-mode version 8.3.6 (8.3.6-dist @ /home/guicho/repos/presentations/2017-6-18-dc/org-mode/lisp/)
Setting up indent for shell type bash
Indentation variables are now local.
Indentation setup for shell type bash
Setting up indent for shell type bash
Indentation variables are now local.
Indentation setup for shell type bash
Setting up indent for shell type bash
Indentation variables are now local.
Indentation setup for shell type bash
Setting up indent for shell type bash
Indentation variables are now local.
Indentation setup for shell type bash
Setting up indent for shell type bash
Indentation variables are now local.
Indentation setup for shell type bash
Saving file /home/guicho/repos/presentations/2017-6-18-dc/presen.org.html...
Wrote /home/guicho/repos/presentations/2017-6-18-dc/presen.org.html
cp -f presen.org.html index.html
make[1]: ディレクトリ '/home/guicho/repos/presentations/2017-6-18-dc' から出ます
